\pset tuples_only on
--
-- TEST h3_get_extension_version
--
SELECT h3_get_extension_version();
 1.0.0

