\dx+ h3
                       Objects in extension "h3"
                           Object Description                           
------------------------------------------------------------------------
 cast from h3index to geography
 cast from h3index to geometry
 cast from h3index to point
 function h3_compact(h3index[])
 function h3_degs_to_rads(double precision)
 function h3_distance(h3index,h3index)
 function h3_edge_length_km(integer)
 function h3_edge_length_m(integer)
 function h3_experimental_h3_to_local_ij(h3index,h3index)
 function h3_experimental_local_ij_to_h3(h3index,point)
 function h3_geo_to_h3(geography,integer)
 function h3_geo_to_h3(geometry,integer)
 function h3_geo_to_h3(point,integer)
 function h3_get_base_cell(h3index)
 function h3_get_destination_h3_index_from_unidirectional_edge(h3index)
 function h3_get_h3_indexes_from_unidirectional_edge(h3index)
 function h3_get_h3_unidirectional_edge(h3index,h3index)
 function h3_get_h3_unidirectional_edges_from_hexagon(h3index)
 function h3_get_origin_h3_index_from_unidirectional_edge(h3index)
 function h3_get_res_0_indexes()
 function h3_get_resolution(h3index)
 function h3_get_unidirectional_edge_boundary(h3index)
 function h3_hex_area_km2(integer)
 function h3_hex_area_m2(integer)
 function h3_hex_range_distances(h3index,integer)
 function h3_hex_range(h3index,integer)
 function h3_hex_ranges(h3index[],integer)
 function h3_hex_ring(h3index,integer)
 function h3index_cmp(h3index,h3index)
 function h3index_eq(h3index,h3index)
 function h3_indexes_are_neighbors(h3index,h3index)
 function h3index_ge(h3index,h3index)
 function h3index_gt(h3index,h3index)
 function h3index_in(cstring)
 function h3index_le(h3index,h3index)
 function h3index_lt(h3index,h3index)
 function h3index_ne(h3index,h3index)
 function h3index_out(h3index)
 function h3_is_pentagon(h3index)
 function h3_is_res_class_iii(h3index)
 function h3_is_valid(h3index)
 function h3_k_ring_distances(h3index,integer)
 function h3_k_ring(h3index,integer)
 function h3_line(h3index,h3index)
 function h3_num_hexagons(integer)
 function h3_polyfill(geography,integer)
 function h3_polyfill(geometry,integer)
 function h3_polyfill(polygon,polygon[],integer)
 function h3_rads_to_degs(double precision)
 function h3_set_to_linked_geo(h3index[])
 function h3_string_to_h3(cstring)
 function __h3_to_children_aux(h3index,integer,integer)
 function h3_to_children(h3index,integer)
 function h3_to_children_slow(h3index,integer)
 function h3_to_geo_boundary_geography(h3index,boolean)
 function h3_to_geo_boundary_geometry(h3index,boolean)
 function h3_to_geo_boundary(h3index,boolean)
 function h3_to_geography(h3index)
 function h3_to_geo(h3index)
 function h3_to_geometry(h3index)
 function h3_to_parent(h3index,integer)
 function h3_to_string(h3index)
 function h3_uncompact(h3index[],integer)
 function h3_unidirectional_edge_is_valid(h3index)
 operator class btree_h3index_ops for access method btree
 operator family btree_h3index_ops for access method btree
 operator <=(h3index,h3index)
 operator <>(h3index,h3index)
 operator <(h3index,h3index)
 operator =(h3index,h3index)
 operator >=(h3index,h3index)
 operator >(h3index,h3index)
 type h3index
(73 rows)

